#-----------------------------------------------------------
# Webtalk v2019.2 (64-bit)
# SW Build 2708876 on Wed Nov  6 21:40:23 MST 2019
# IP Build 2700528 on Thu Nov  7 00:09:20 MST 2019
# Start of session at: Sat Jul 11 13:04:46 2020
# Process ID: 24232
# Current directory: C:/Users/Pedro/Dropbox/UA/CR/Project/CR-Project/SquareRootBasicBlockTb/SquareRootBasicBlockTb.sim/sim_1/behav/xsim
# Command line: wbtcv.exe -mode batch -source C:/Users/Pedro/Dropbox/UA/CR/Project/CR-Project/SquareRootBasicBlockTb/SquareRootBasicBlockTb.sim/sim_1/behav/xsim/xsim.dir/SquareRootBasicBlockTb_behav/webtalk/xsim_webtalk.tcl -notrace
# Log file: C:/Users/Pedro/Dropbox/UA/CR/Project/CR-Project/SquareRootBasicBlockTb/SquareRootBasicBlockTb.sim/sim_1/behav/xsim/webtalk.log
# Journal file: C:/Users/Pedro/Dropbox/UA/CR/Project/CR-Project/SquareRootBasicBlockTb/SquareRootBasicBlockTb.sim/sim_1/behav/xsim\webtalk.jou
#-----------------------------------------------------------
source C:/Users/Pedro/Dropbox/UA/CR/Project/CR-Project/SquareRootBasicBlockTb/SquareRootBasicBlockTb.sim/sim_1/behav/xsim/xsim.dir/SquareRootBasicBlockTb_behav/webtalk/xsim_webtalk.tcl -notrace
